// Jest Snapshot v1, https://goo.gl/fbAQLP

exports[`CohortDetails component matches snapshot 1`] = `
<DocumentFragment>
  <div>
    <h3>
      CT2024
    </h3>
    <p>
      Name: React Bootcamp
    </p>
    <p>
      Status: Ongoing
    </p>
  </div>
</DocumentFragment>
`;
